
==============================================================================
A.  Source normalisation, symbolic (sympy)
==============================================================================
   dndot/dE = ndot alpha E_th^alpha E^(-alpha-1)
   Int_{E_th}^inf dndot/dE dE = ndot
   PASS

   fraction above E2 : (E_th/E2)**alpha
   equals (E2/E_th)^-alpha  ->  PASS
   (same identity verified in ../photon_energy_fractions.py)

   numerical: Int dndot/dE dE / ndot_ion = 1.0000000000
   PASS

==============================================================================
B.  Dimensional analysis
==============================================================================
   [E dndot/dE N_ion] == 1/(time volume) : True
   [emissivity / n_target] == 1/time     : True
   PASS

==============================================================================
C.  BEB mean orbital kinetic energy from the virial theorem
==============================================================================
   For a Coulomb-bound system <T> = -E_total (virial theorem).
   He I: E_total = -(E_th,HeI + E_th,HeII) = -(24.587 + 54.418) eV
        two electrons -> U = 39.5025 eV per electron
        value used by emis_engine_A.BEB           = 39.5025 eV
   Kim & Rudd (1994) tabulate U(He I) = 39.51 eV
   difference = 0.019 %
   H I : U = E_th = 13.5980 eV; Kim & Rudd use 13.605 eV
   PASS

==============================================================================
D.  Verner et al. (1996) cross-sections
==============================================================================
   threshold values [cm^2]  (independent literature values in parentheses)
     HI    sigma(E_th) = 6.3463e-18   (6.300e-18)  ratio 1.0073
     HeI   sigma(E_th) = 7.4347e-18   (7.420e-18)  ratio 1.0020
     HeII  sigma(E_th) = 1.5873e-18   (1.580e-18)  ratio 1.0046

   hydrogenic scaling: for a one-electron ion of charge Z,
   sigma_Z(E) = sigma_H(E/Z^2)/Z^2.  He II has Z = 2:
     E = 60        He II 1.2196e-18   H I(E/4)/4 1.2179e-18   ratio 1.0014
     E = 200       He II 3.9652e-20   H I(E/4)/4 3.9590e-20   ratio 1.0016
     E = 1000      He II 2.7043e-22   H I(E/4)/4 2.6998e-22   ratio 1.0017
     E = 1e+04     He II 1.3021e-25   H I(E/4)/4 1.2998e-25   ratio 1.0018

   high-energy asymptote: d ln sigma / d ln E should -> -3.5
     HI    slope over 20-40 keV = -3.4674
     HeI   slope over 20-40 keV = -3.4583
     HeII  slope over 20-40 keV = -3.4362
   PASS

==============================================================================
E.  Engine A: CSDA closure  B Y + H + X + E_esc = K
==============================================================================
   24 runs (4 x_e x 6 z); worst relative residual = 1.876e-03
   median 7.339e-04   (the residual is the marching error and is largest
   at the low-energy end of the grid)
   PASS

==============================================================================
K.  PASS/FAIL on the headline quantity: engine A electron yield
==============================================================================
   engine A / SvS85, H I, z = 10, 300 eV - 3 keV
     x_e = 1e-04 : 0.9499 - 0.9644   ok
     x_e = 1e-03 : 0.9865 - 1.0019   ok
     x_e = 1e-02 : 0.9506 - 1.0190   ok
     x_e = 1e-01 : 0.6906 - 0.9426   (excluded: SvS85 limiting fits degrade)
   PASS

   NOT COVERED BY ANY PASS/FAIL BLOCK -- reported, not asserted:
     * the H I / He I SPLIT.  Engine A gives f_HeI/f_HI -> 0.0871 at
       high energy; SvS85 Table 2 gives 0.0784 at their n_He/n_H = 0.1,
       i.e. 0.0637 rescaled to the Planck 0.08130.  The two differ by
       37 per cent.  No tolerance is asserted because SvS85's
       helium fits assume x_HeII = x_HII, which contradicts the
       fully-neutral helium used here; the disagreement is a stated
       systematic of the helium branch, not a test that passed.
     * the species split is INSENSITIVE to the shape of Lambda:
       tripling the helium term moves f_HeI by 2.8 per cent at 100 eV and
       < 0.2 per cent above 1 keV, which is the derivation's own claim.
     * the PHOTON emissivity normalisations (Gaikwad+23,
       Giovinazzo+26) are inputs, not outputs: nothing here can
       falsify them.

==============================================================================
F.  Engine A against engine B
==============================================================================
   Ionizations per primary ELECTRON.  A-csda is collisional only;
   A-transport adds the re-absorbed radiated photons (x_e = 1e-4).

   x_e = 1e-04, z = 10
     K [eV]     A-csda(H I)  SvS85(H I)   A/B          A-csda(He I) SvS85(He I)
     100        2.4043       2.7583       0.8717       0.0709       0.21999   
     1e+03      26.557       27.583       0.9628       1.7814       2.1999    
     1e+04      255.74       275.83       0.9272       20.576       21.999    
     1e+05      2039.9       2758.3       0.7395       171.62       219.99    
     1e+06      6082.5       27583        0.2205       519.94       2199.9    

   x_e = 1e-03, z = 10
     K [eV]     A-csda(H I)  SvS85(H I)   A/B          A-csda(He I) SvS85(He I)
     100        2.2806       2.5814       0.8835       0.067252     0.21004   
     1e+03      25.85        25.814       1.0014       1.734        2.1004    
     1e+04      249.93       258.14       0.9682       20.108       21.004    
     1e+05      1997.7       2581.4       0.7739       168.08       210.04    
     1e+06      5967.6       25814        0.2312       510.12       2100.4    

   x_e = 1e-02, z = 10
     K [eV]     A-csda(H I)  SvS85(H I)   A/B          A-csda(He I) SvS85(He I)
     100        1.6287       2.1508       0.7573       0.048028     0.18229   
     1e+03      21.755       21.508       1.0115       1.4593       1.8229    
     1e+04      216.48       215.08       1.0065       17.417       18.229    
     1e+05      1759         2150.8       0.8178       147.99       182.29    
     1e+06      5338         21508        0.2482       456.3        1822.9    

   x_e = 1e-01, z = 10
     K [eV]     A-csda(H I)  SvS85(H I)   A/B          A-csda(He I) SvS85(He I)
     100        0.49246      1.2054       0.4086       0.014522     0.11117   
     1e+03      10.441       12.054       0.8662       0.70034      1.1117    
     1e+04      118.07       120.54       0.9795       9.4992       11.117    
     1e+05      1051.9       1205.4       0.8726       88.499       111.17    
     1e+06      3596.5       12054        0.2984       307.43       1111.7    

   above 1 MeV, against Valdes, Evoli & Ferrara (2010), z = 10, x_e = 1e-4
     K [eV]     A-csda         A-transport    VEF2010        A-csda/VEF
     1e+06      6602.4         6723.6         23492          0.2810
     1e+07      9025.4         24771          24043          0.3754
     1e+08      9990.6         2.4765e+06     1.9421e+06     0.0051
     1e+09      10758          4.4405e+06     9.8103e+06     0.0011
     1e+10      11351          4.4582e+06     9.9382e+06     0.0011
     1e+11      11740          4.459e+06      9.9691e+06     0.0012
     1e+12      11912          4.4596e+06     9.9507e+06     0.0012

==============================================================================
G.  LITERATURE FINDING -- energy closure of VEF2010 Appendix A
==============================================================================
   The paper states the last column is 'a test of energy
   conservation'.  Summing the five deposition columns plus the CMB
   column at x_e = 1e-4:
     z        E_in         closure
     10       1e+06        1.0002
     10       1e+07        0.9614
     10       1e+08        0.8827
     10       1e+09        0.9863
     10       1e+10        0.9986
     10       1e+11        0.9999
     10       1e+12        1.0000
     30       1e+06        1.0001
     30       1e+07        0.8322
     30       1e+08        0.9242
     30       1e+09        0.9919
     30       1e+10        0.9992
     30       1e+11        0.9999
     30       1e+12        1.0000
     50       1e+06        1.0000
     50       1e+07        0.7903
     50       1e+08        0.9387
     50       1e+09        0.9936
     50       1e+10        0.9994
     50       1e+11        0.9999
     50       1e+12        1.0000

   Closure is 1.0000-1.0002 at E_in = 1 MeV, which confirms the
   column identification, but falls to 0.77-0.94 at 10-100 MeV.
   The missing energy is inverse-Compton photons between 10.2 eV
   and 10 keV, which fall in no tabulated column.  This is a
   property of the published tables, and it limits how tightly
   engine B constrains engine A in that decade.

==============================================================================
H.  LITERATURE FINDING -- the CMB in Tueros et al. (2014)
==============================================================================
   Tueros et al. (2014), Sect. 2, verbatim:
     "The CMB has been considered monoenergetic with photon energy
      E_CMB = 3.75 x 10^-4 (1 + z) eV, and a photon density
      u_CMB = 0.05 (1 + z)^3 cm^-3."

   Measured CMB at z = 0 (T = 2.7255 K, Fixsen 2009), computed here:
     kT              = 2.3487e-04 eV
     n_gamma         = 410.7268 cm^-3   (standard value 410.7)
     u_gamma         = 2.6057e-01 eV cm^-3
     <E> = u/n       = 6.3441e-04 eV  = 2.701 kT

   Their numbers at z = 0:
     E_CMB           = 3.750e-04 eV   -> 1.69 x below <E>
     u_CMB           = 5.000e-02 cm^-3 -> 8214.5 x below n_gamma
     implied energy density = 1.875e-05 eV cm^-3 -> 7.196e-05 x below u_gamma

   Read instead as an ENERGY density of 0.05 eV cm^-3, the
   shortfall would be a factor 5.21.
   Either reading under-estimates the inverse-Compton energy loss
   rate, which scales linearly with u_CMB.  That is the direction
   needed to explain why their ionization yields exceed engine A's
   (block J), and it is stated here as an observation about the
   published parameters, not as a re-derivation of their result.

==============================================================================
I.  Cross-consistency with the other scripts in this project
==============================================================================
   quantity                                   here           elsewhere      diff
   n_H comoving [cm^-3]                       1.8946e-07     1.8946e-07     +0.00 %   ../crosscheck_reionization.py
   n_He/n_H                                   0.081301       0.081301       +0.00 %   ../ionizing_rates_vs_cosmic_rays.py
   sigma_HI(1 keV) [cm^2]                     1.1409e-23     1.1409e-23     -0.00 %   Notebooks/redo/redo_common.py (Karzas & Latter)
   sigma_HI(1 keV), O&F fit                   2.2082e-23     2.2082e-23     +0.00 %   ../ionizing_rates_vs_cosmic_rays.py (Osterbrock & Ferland)
   W(1 keV), x_e=1e-4, z=10 [eV]              35.288         35.28          +0.02 %   Notebooks/redo/RESULTS.txt stage 5
   W(1 keV), x_e=1e-1, z=10 [eV]              89.759         89.73          +0.03 %   Notebooks/redo/RESULTS.txt stage 5

   NOTE the sigma_HI rows: Verner et al. (1996), selected for this
   work, agrees with the Karzas & Latter form already used in
   Notebooks/redo to 0.0 per cent at 1 keV, and disagrees with the
   Osterbrock & Ferland near-threshold fit used in
   ../ionizing_rates_vs_cosmic_rays.py by a factor 1.94 there and
   5.0 at 10 keV.  The O&F fit is being used far outside its range
   in that script; Verner et al. is the correct choice above ~100 eV.

==============================================================================
J.  Tueros et al. (2014) benchmark, their Eq. (2)
==============================================================================
   I_Ec = E_c Int I(E) E^-beta dE / Int E^(1-beta) dE,
   beta = 2.2, E1 = 1 MeV, E2 = 100 TeV, E_c = 1 MeV, z_inj = 19.
   (integration capped at 1e+13 eV, engine A's ceiling)
     A-csda (this work, z=20)               I_1MeV = 9.381e+02
     A-transport (z=20)                     I_1MeV = 8.199e+03
     W = 36 eV, no IC losses (their I_H)    I_1MeV = 2.778e+04
     Tueros et al. (2014) quote             I_1MeV = 1.500e+04

   The 'no IC losses' row brackets their value to within a factor
   1.9, which is consistent with block H: their CMB energy density
   is low enough that inverse Compton barely removes energy from the
   cascade, whereas engine A cools the electron on the measured CMB.

==============================================================================
SUMMARY
==============================================================================
   block A : PASS
   block B : PASS
   block C : PASS
   block D : PASS
   block E : PASS
   block K : PASS
   blocks F-J are comparisons and findings, not pass/fail tests.
