t(z=10.0) = 471.4 Myr    t(z=5.5) = 1038.5 Myr    Delta t = 567.0 Myr
F_KN:  b=1e-04->9.994e-01   b=1e-01->6.345e-01   b=1e+00->1.473e-01   b=1e+02->3.045e-04
Tablas colisionales listas (n=2..10, 700 nodos).
Raices de Planck:  x_max=8.1723   x_min=0.2278
tabulating IC photon spectra ...
   done in 12.4 s
[   13.7s] K=       0.3 eV | z10: Y=         0 Yph=         0 Q=296123145891178089052410740736.000 | z20: Y=         0 Yph=         0
[   23.1s] K=     2.015 eV | z10: Y=         0 Yph=         0 Q=2011220482001720470483285049344.000 | z20: Y=         0 Yph=         0
[   39.9s] K=     13.54 eV | z10: Y=         0 Yph=         0 Q=11025000894641817104432773464064.000 | z20: Y=         0 Yph=         0
[   76.0s] K=     25.57 eV | z10: Y=    0.2699 Yph=         0 Q=43.374 | z20: Y=    0.2701 Yph=         0
[  120.1s] K=     57.75 eV | z10: Y=     1.227 Yph=         0 Q=13.256 | z20: Y=     1.227 Yph=         0
[  171.3s] K=     130.4 eV | z10: Y=     3.362 Yph=         0 Q= 8.626 | z20: Y=     3.362 Yph=         0
[  214.7s] K=     294.6 eV | z10: Y=     8.132 Yph=         0 Q= 7.147 | z20: Y=     8.132 Yph=         0
[  263.0s] K=     665.4 eV | z10: Y=     18.77 Yph=         0 Q= 6.564 | z20: Y=     18.76 Yph=         0
[  319.1s] K=      2265 eV | z10: Y=     63.19 Yph=         0 Q= 6.228 | z20: Y=     63.12 Yph=         0
[  366.3s] K= 2.087e+04 eV | z10: Y=     557.1 Yph=         0 Q= 6.019 | z20: Y=     545.6 Yph=         0
[  422.3s] K= 1.923e+05 eV | z10: Y=      3391 Yph=6.582e-286 Q= 5.941 | z20: Y=      2841 Yph=6.778e-287
[  479.5s] K= 1.772e+06 eV | z10: Y=      7667 Yph= 1.286e-24 Q= 5.963 | z20: Y=      5358 Yph= 1.167e-10
[  550.4s] K= 1.633e+07 eV | z10: Y=      9644 Yph= 1.464e+05 Q= 6.081 | z20: Y=      6333 Yph= 2.478e+05
[  628.0s] K= 1.505e+08 eV | z10: Y= 1.054e+04 Yph= 3.227e+06 Q= 6.122 | z20: Y=      6775 Yph= 2.587e+06
[  733.6s] K= 1.387e+09 eV | z10: Y= 1.128e+04 Yph= 3.911e+06 Q= 6.120 | z20: Y=      7138 Yph= 2.838e+06
[  866.1s] K= 1.278e+10 eV | z10: Y= 1.184e+04 Yph= 3.914e+06 Q= 6.115 | z20: Y=      7412 Yph= 2.839e+06
[ 1004.0s] K= 1.178e+11 eV | z10: Y= 1.221e+04 Yph= 3.914e+06 Q= 6.110 | z20: Y=      7582 Yph= 2.839e+06
[ 1157.7s] K= 1.085e+12 eV | z10: Y= 1.238e+04 Yph= 3.914e+06 Q= 6.108 | z20: Y=      7653 Yph= 2.839e+06
[ 1312.7s] K=     1e+13 eV | z10: Y= 1.243e+04 Yph= 3.915e+06 Q= 6.108 | z20: Y=      7679 Yph=  2.84e+06
saved /home/byaku/Desktop/Doctorado-Trabajo/Paper_1/Notebooks/redo/redo_cascade_table.npz in 1312.8 s
