t(z=10.0) = 471.4 Myr    t(z=5.5) = 1038.5 Myr    Delta t = 567.0 Myr
F_KN:  b=1e-04->9.994e-01   b=1e-01->6.345e-01   b=1e+00->1.473e-01   b=1e+02->3.045e-04
Tablas colisionales listas (n=2..10, 700 nodos).
Raices de Planck:  x_max=8.1723   x_min=0.2278
tabulating IC photon spectra ...
   done in 66.8 s
tabulating light-path absorption kernels ...
   tag 'e' (z_min=5.5): at z_i=20, P_abs(1 keV)=0.962  P_abs(3 keV)=0.360
   tag 't' (z_min=3.0): at z_i=20, P_abs(1 keV)=0.962  P_abs(3 keV)=0.644
   done in 68.0 s
[   69.5s] K=       0.3 eV | z10: Y=         0 Yf=         0 Ye=         0 Yt=         0 | z20: Y=         0 Yf=         0 Ye=         0 Yt=         0
[   81.2s] K=     2.015 eV | z10: Y=         0 Yf=         0 Ye=         0 Yt=         0 | z20: Y=         0 Yf=         0 Ye=         0 Yt=         0
[  100.6s] K=     13.54 eV | z10: Y=         0 Yf=         0 Ye=         0 Yt=         0 | z20: Y=         0 Yf=         0 Ye=         0 Yt=         0
[  140.8s] K=     25.57 eV | z10: Y=    0.2699 Yf=         0 Ye=         0 Yt=         0 | z20: Y=    0.2701 Yf=         0 Ye=         0 Yt=         0
[  192.1s] K=     57.75 eV | z10: Y=     1.227 Yf=         0 Ye=         0 Yt=         0 | z20: Y=     1.227 Yf=         0 Ye=         0 Yt=         0
[  240.9s] K=     130.4 eV | z10: Y=     3.362 Yf=         0 Ye=         0 Yt=         0 | z20: Y=     3.362 Yf=         0 Ye=         0 Yt=         0
[  288.5s] K=     294.6 eV | z10: Y=     8.132 Yf=         0 Ye=         0 Yt=         0 | z20: Y=     8.132 Yf=         0 Ye=         0 Yt=         0
[  335.3s] K=     665.4 eV | z10: Y=     18.77 Yf=         0 Ye=         0 Yt=         0 | z20: Y=     18.76 Yf=         0 Ye=         0 Yt=         0
[  382.9s] K=      2265 eV | z10: Y=     63.19 Yf=         0 Ye=         0 Yt=         0 | z20: Y=     63.12 Yf=         0 Ye=         0 Yt=         0
[  434.1s] K= 2.087e+04 eV | z10: Y=     557.1 Yf=         0 Ye=         0 Yt=         0 | z20: Y=     545.6 Yf=         0 Ye=         0 Yt=         0
[  494.5s] K= 1.923e+05 eV | z10: Y=      3391 Yf=6.589e-286 Ye=6.589e-286 Yt=6.589e-286 | z20: Y=      2841 Yf=  6.8e-287 Ye=  6.8e-287 Yt=  6.8e-287
[  554.6s] K= 1.772e+06 eV | z10: Y=      7667 Yf= 1.286e-24 Ye= 2.857e-24 Yt= 2.857e-24 | z20: Y=      5358 Yf= 1.167e-10 Ye= 1.153e-10 Yt= 1.153e-10
[  628.5s] K= 1.633e+07 eV | z10: Y=      9644 Yf= 1.464e+05 Ye= 1.465e+05 Yt= 1.465e+05 | z20: Y=      6333 Yf= 2.478e+05 Ye= 2.478e+05 Yt= 2.478e+05
[  720.2s] K= 1.505e+08 eV | z10: Y= 1.054e+04 Yf= 3.227e+06 Ye= 3.363e+06 Yt= 3.487e+06 | z20: Y=      6775 Yf= 2.587e+06 Ye= 3.231e+06 Yt= 3.274e+06
[  853.4s] K= 1.387e+09 eV | z10: Y= 1.128e+04 Yf= 3.911e+06 Ye= 4.441e+06 Yt= 4.885e+06 | z20: Y=      7138 Yf= 2.838e+06 Ye= 4.127e+06 Yt= 4.296e+06
[ 1017.9s] K= 1.278e+10 eV | z10: Y= 1.184e+04 Yf= 3.914e+06 Ye= 4.446e+06 Yt= 4.893e+06 | z20: Y=      7412 Yf= 2.839e+06 Ye= 4.131e+06 Yt= 4.302e+06
[ 1200.8s] K= 1.178e+11 eV | z10: Y= 1.221e+04 Yf= 3.914e+06 Ye= 4.447e+06 Yt= 4.894e+06 | z20: Y=      7582 Yf= 2.839e+06 Ye= 4.131e+06 Yt= 4.302e+06
[ 1398.0s] K= 1.085e+12 eV | z10: Y= 1.238e+04 Yf= 3.914e+06 Ye= 4.447e+06 Yt= 4.894e+06 | z20: Y=      7653 Yf= 2.839e+06 Ye= 4.132e+06 Yt= 4.302e+06
[ 1595.5s] K=     1e+13 eV | z10: Y= 1.243e+04 Yf= 3.915e+06 Ye= 4.448e+06 Yt= 4.895e+06 | z20: Y=      7679 Yf=  2.84e+06 Ye= 4.132e+06 Yt= 4.303e+06
saved /home/byaku/Desktop/Doctorado-Trabajo/Paper_1/Notebooks/redo/redo_cascade_table.npz in 1595.5 s
