t(z=10.0) = 471.4 Myr    t(z=5.5) = 1038.5 Myr    Delta t = 567.0 Myr
F_KN:  b=1e-04->9.994e-01   b=1e-01->6.345e-01   b=1e+00->1.473e-01   b=1e+02->3.045e-04
Tablas colisionales listas (n=2..10, 700 nodos).
Raices de Planck:  x_max=8.1723   x_min=0.2278
[  40.7s] z_i= 5.75 | chi(1 keV)=4.187e-02 cMpc chi(1 MeV)=1.080e+02 cMpc chi_max=1.159e+02 cMpc @ K=1.000e+13 eV | 35 window-truncated
[  82.5s] z_i= 6.00 | chi(1 keV)=3.894e-02 cMpc chi(1 MeV)=2.071e+02 cMpc chi_max=2.253e+02 cMpc @ K=1.000e+13 eV | 34 window-truncated
[ 127.7s] z_i= 6.50 | chi(1 keV)=3.393e-02 cMpc chi(1 MeV)=3.774e+02 cMpc chi_max=4.248e+02 cMpc @ K=1.000e+13 eV | 32 window-truncated
[ 176.3s] z_i= 7.00 | chi(1 keV)=2.983e-02 cMpc chi(1 MeV)=5.064e+02 cMpc chi_max=5.973e+02 cMpc @ K=1.000e+13 eV | 31 window-truncated
[ 224.8s] z_i= 7.50 | chi(1 keV)=2.643e-02 cMpc chi(1 MeV)=5.831e+02 cMpc chi_max=7.384e+02 cMpc @ K=1.000e+13 eV | 30 window-truncated
[ 273.9s] z_i= 8.00 | chi(1 keV)=2.358e-02 cMpc chi(1 MeV)=5.490e+02 cMpc chi_max=8.398e+02 cMpc @ K=1.000e+13 eV | 29 window-truncated
[ 330.9s] z_i= 8.50 | chi(1 keV)=2.117e-02 cMpc chi(1 MeV)=4.697e+02 cMpc chi_max=8.864e+02 cMpc @ K=1.891e+12 eV | 27 window-truncated
[ 416.7s] z_i= 9.00 | chi(1 keV)=1.911e-02 cMpc chi(1 MeV)=4.053e+02 cMpc chi_max=8.097e+02 cMpc @ K=1.000e+13 eV | 0 window-truncated
[ 499.0s] z_i=10.00 | chi(1 keV)=1.580e-02 cMpc chi(1 MeV)=3.085e+02 cMpc chi_max=5.827e+02 cMpc @ K=1.000e+13 eV | 0 window-truncated
[ 580.6s] z_i=11.00 | chi(1 keV)=1.328e-02 cMpc chi(1 MeV)=2.408e+02 cMpc chi_max=4.366e+02 cMpc @ K=5.740e+12 eV | 0 window-truncated
[ 668.6s] z_i=12.00 | chi(1 keV)=1.132e-02 cMpc chi(1 MeV)=1.919e+02 cMpc chi_max=3.374e+02 cMpc @ K=3.294e+12 eV | 0 window-truncated
[ 749.5s] z_i=13.00 | chi(1 keV)=9.762e-03 cMpc chi(1 MeV)=1.557e+02 cMpc chi_max=2.672e+02 cMpc @ K=1.000e+13 eV | 0 window-truncated
[ 829.2s] z_i=14.00 | chi(1 keV)=8.506e-03 cMpc chi(1 MeV)=1.282e+02 cMpc chi_max=2.158e+02 cMpc @ K=5.740e+12 eV | 0 window-truncated
[ 914.8s] z_i=15.00 | chi(1 keV)=7.478e-03 cMpc chi(1 MeV)=1.069e+02 cMpc chi_max=1.771e+02 cMpc @ K=5.740e+12 eV | 0 window-truncated
[ 992.8s] z_i=16.00 | chi(1 keV)=6.626e-03 cMpc chi(1 MeV)=9.018e+01 cMpc chi_max=1.474e+02 cMpc @ K=3.294e+12 eV | 0 window-truncated
[1071.8s] z_i=17.00 | chi(1 keV)=5.911e-03 cMpc chi(1 MeV)=7.683e+01 cMpc chi_max=1.242e+02 cMpc @ K=1.085e+12 eV | 0 window-truncated
[1150.3s] z_i=18.00 | chi(1 keV)=5.306e-03 cMpc chi(1 MeV)=6.603e+01 cMpc chi_max=1.057e+02 cMpc @ K=1.000e+13 eV | 0 window-truncated
[1231.3s] z_i=19.00 | chi(1 keV)=4.790e-03 cMpc chi(1 MeV)=5.720e+01 cMpc chi_max=9.077e+01 cMpc @ K=1.000e+13 eV | 0 window-truncated
[1309.9s] z_i=20.00 | chi(1 keV)=4.345e-03 cMpc chi(1 MeV)=4.990e+01 cMpc chi_max=7.859e+01 cMpc @ K=1.000e+13 eV | 0 window-truncated
saved /home/byaku/Desktop/Doctorado-Trabajo/Paper_1/Notebooks/redo/redo_range_table.npz in 1309.9 s
