t(z=10.0) = 471.4 Myr    t(z=5.5) = 1038.5 Myr    Delta t = 567.0 Myr
F_KN:  b=1e-04->9.994e-01   b=1e-01->6.345e-01   b=1e+00->1.473e-01   b=1e+02->3.045e-04
Tablas colisionales listas (n=2..10, 700 nodos).
Raices de Planck:  x_max=8.1723   x_min=0.2278
reusing /home/byaku/Desktop/Doctorado-Trabajo/Paper_1/Notebooks/redo/redo_photon_yield_refined.npz

N_ion: baseline (n_path=192, n_s=64, 120 E-nodes) vs doubled
Both tables are interpolated log-log to the SAME energies; comparing
nearest grid nodes instead would report the grid offset, not the error.
  z_i    E [eV]       baseline      refined       rel. diff
  20.0   20           1             1             0.000e+00
  20.0   50           1.59545       1.59553       4.661e-05
  20.0   200          6.01455       6.0015        2.169e-03
  20.0   500          14.4147       14.424        6.434e-04
  20.0   2000         29.4552       29.4269       9.601e-04
  20.0   5000         6.65637       6.65135       7.537e-04
  20.0   1e+04        1.76842       1.74475       1.339e-02
  20.0   3e+04        3.73869       3.73017       2.279e-03
  20.0   1e+05        27.0798       27.1206       1.506e-03
  20.0   1e+06        199.635       199.9         1.328e-03
  20.0   1e+07        217.588       217.754       7.615e-04
  20.0   1e+08        3616.52       3629.58       3.610e-03
  20.0   1e+09        1714.53       1715.61       6.309e-04
  20.0   1e+10        234.606       234.607       7.143e-06
  20.0   1e+12        3.38604       3.38609       1.444e-05
  15.0   20           1             1             1.110e-16
  15.0   50           1.59538       1.59545       4.858e-05
  15.0   200          6.01185       5.99908       2.123e-03
  15.0   500          14.3009       14.3159       1.052e-03
  15.0   2000         20.7956       20.7629       1.573e-03
  15.0   5000         3.33446       3.32714       2.198e-03
  15.0   1e+04        0.955698      0.941513      1.484e-02
  15.0   3e+04        2.52326       2.51995       1.312e-03
  15.0   1e+05        18.4364       18.4655       1.576e-03
  15.0   1e+06        135.544       135.769       1.661e-03
  15.0   1e+07        112.779       112.846       6.000e-04
  15.0   1e+08        2332.05       2340.49       3.621e-03
  15.0   1e+09        1033.51       1034.14       6.115e-04
  15.0   1e+10        139.514       139.516       1.512e-05
  15.0   1e+12        2.00663       2.00667       1.565e-05
  10.0   20           1             1             0.000e+00
  10.0   50           1.59523       1.59531       4.890e-05
  10.0   200          6.00421       5.99231       1.982e-03
  10.0   500          14.0145       14.0376       1.646e-03
  10.0   2000         6.93879       6.93258       8.942e-04
  10.0   5000         0.864986      0.863159      2.112e-03
  10.0   1e+04        0.311954      0.306759      1.665e-02
  10.0   3e+04        1.17964       1.17945       1.604e-04
  10.0   1e+05        8.5745        8.58737       1.502e-03
  10.0   1e+06        53.5091       53.5892       1.496e-03
  10.0   1e+07        27.5764       27.6117       1.280e-03
  10.0   1e+08        950.226       954.548       4.548e-03
  10.0   1e+09        357.321       357.469       4.124e-04
  10.0   1e+10        47.3437       47.3442       1.131e-05
  10.0   1e+12        0.677088      0.6771        1.663e-05
  7.0    20           1             1             1.110e-16
  7.0    50           1.59509       1.59516       4.798e-05
  7.0    200          5.99391       5.98309       1.804e-03
  7.0    500          12.9523       13.0944       1.097e-02
  7.0    2000         1.57011       1.56863       9.398e-04
  7.0    5000         0.189211      0.188305      4.788e-03
  7.0    1e+04        0.091282      0.0899957     1.409e-02
  7.0    3e+04        0.438734      0.43845       6.455e-04
  7.0    1e+05        3.08944       3.09284       1.103e-03
  7.0    1e+06        12.2509       12.2652       1.170e-03
  7.0    1e+07        4.61313       4.62864       3.362e-03
  7.0    1e+08        295.005       296.179       3.978e-03
  7.0    1e+09        94.3182       94.3504       3.419e-04
  7.0    1e+10        12.3428       12.343        1.187e-05
  7.0    1e+12        0.175736      0.175739      1.682e-05

worst relative change: 1.665e-02  (z_i = 10, E = 1e+04 eV)
That node is the transparency minimum, where the curve has its largest
curvature in log E and the log-log interpolation itself dominates the
difference.  Outside the 0.5-10 keV transparency band the change is
below 5e-3 everywhere.
