t(z=10.0) = 471.4 Myr    t(z=5.5) = 1038.5 Myr    Delta t = 567.0 Myr
F_KN:  b=1e-04->9.994e-01   b=1e-01->6.345e-01   b=1e+00->1.473e-01   b=1e+02->3.045e-04
Tablas colisionales listas (n=2..10, 700 nodos).
Raices de Planck:  x_max=8.1723   x_min=0.2278
stage8_verify.py -- verification of the photon-cascade ingredients

==============================================================================
A.  Klein-Nishina differential cross-section  d(sigma)/ds
==============================================================================
   d(sigma)/ds = (pi r_e^2 / a) [ s + 1/s - 1 + cos^2(theta) ],
   cos(theta) = 1 - (1/s - 1)/a,   1/(1+2a) <= s <= 1,   a = E/m_e c^2
   [Klein & Nishina 1929; Rybicki & Lightman 1979 Eq. 7.5, with
    d(cos theta) = ds/(a s^2) so that d(sigma)/ds = d(sigma)/d(cos theta)/(a s^2)]

   A1  sympy:  integral - closed form  simplifies to : 0
       numeric residual at a = 1e-3, 0.1, 1, 10, 1e3 : [1.891e-124 9.455e-125 4.727e-125 2.364e-125 3.693e-127]
       PASS

   A2  mpmath adaptive quadrature (30 digits) vs the closed form of
       redo_common.sigma_kn, evaluated both at 30 digits and in float64.
       The float64 column degrades at small a purely by cancellation in
       the closed form -- the formula itself is exact (col. 'vs mp').
       E [eV]      a=E/m_ec^2  quad/sigma_T  rel err vs mp rel err float64
       1           1.957e-06   0.9999960861  1.20e-16      9.85e-06
       10          1.957e-05   0.9999608630  1.20e-16      4.18e-07
       100         1.957e-04   0.9996088088  1.20e-16      4.38e-10
       1e+03       1.957e-03   0.9961059127  1.20e-16      5.31e-11
       1e+05       1.957e-01   0.7407013098  1.20e-16      1.07e-15
       5.11e+05    1.000e+00   0.4307274701  1.20e-16      1.18e-15
       1e+07       1.957e+01   0.0766459727  1.20e-16      3.98e-17
       1e+10       1.957e+04   0.0002122056  1.20e-16      1.42e-16
       1e+13       1.957e+07   0.0000003446  1.20e-16      6.50e-17
       formula check (quadrature vs exact closed form): PASS
       NOTE: redo_common.sigma_kn loses ~4e-07 relative accuracy at
       10 eV and ~1e-05 at 1 eV to cancellation.  Both are far below
       every other error in the cascade (the transport grid itself is
       good to ~1e-03), and below 2 keV Compton carries < 5% of the
       interactions anyway (block D), so this is recorded, not fixed.

   A3  stage8 64-node Gauss-Legendre rule in u = ln s :
       max rel. err = 4.422e-07  at E = 13.61 eV   (over 13.6 eV - 1e13 eV)
       PASS

   A4  Thomson limit  sigma_KN/sigma_T -> 1 - 2a + 26a^2/5
       E [eV]      a             quadrature      series          float64 closed
       1           1.957e-06     0.9999960861    0.9999960861    0.9999862335
       100         1.957e-04     0.9996088088    0.9996088088    0.9996088084
       1e+04       1.957e-02     0.9627573027    0.9627527223    0.9627573027
       PASS

   A5  normalised scattered-energy spectrum
       E [eV]       sum p (=1)         <1-s> = <T>/E
       1e+03        1.000000000000     0.001949
       1e+04        1.000000000000     0.018764
       1e+05        1.000000000000     0.138003
       5.11e+05     1.000000000000     0.344482
       1e+07        1.000000000000     0.683563
       1e+10        1.000000000000     0.879605
       PASS

==============================================================================
B.  Compton kinematics on the quadrature nodes
==============================================================================
   E [eV]       s_min          1/(1+2a)       T_max [eV]     E 2a/(1+2a) [eV]
   100          0.9996089      0.99960876     0.039110119    0.039123711
   1e+04        0.96234798     0.96233514     376.5202       376.64858
   5.11e+05     0.33346015     0.33333288     340601.86      340666.9
   1e+08        0.0025537776   0.0025484834   99744622       99745152
   1e+12        2.5685067e-07  2.5549941e-07  9.9999974e+11  9.9999974e+11
   all quadrature nodes inside [1/(1+2a), 1] : True
   energy conservation E = E' + T holds identically (T := E(1-s), E' := E s)
       PASS

==============================================================================
C.  First-interaction weights along the light path
==============================================================================
   dP = (dtau_j/dt) exp(-tau_tot) dt ;  the segment rule integrates
   exp(-tau) analytically for tau linear in t, so weights are >= 0
   and sum to 1 - exp(-tau_tot).

   z_i      E [eV]       sum w_pi       sum w_C        sum w          1-exp(-tau)
   20.0     50           9.999958e-01   4.202633e-06   1.00000000     1.00000000
   20.0     300          9.989030e-01   1.096950e-03   1.00000000     1.00000000
   20.0     2e+03        7.902139e-01   1.096082e-01   0.89982213     0.89982176
   20.0     1e+04        8.109329e-03   1.506263e-01   0.15873567     0.15873029
   20.0     1e+06        1.025625e-09   6.316755e-02   0.06316756     0.06316570
   20.0     1e+09        3.466417e-20   4.258325e-04   0.00042583     0.00042582
   15.0     50           9.999958e-01   4.202547e-06   1.00000000     1.00000000
   15.0     300          9.989094e-01   1.090639e-03   1.00000000     1.00000000
   15.0     2e+03        5.099636e-01   7.848956e-02   0.58845315     0.58845245
   15.0     1e+04        3.125211e-03   9.258992e-02   0.09571513     0.09571311
   15.0     1e+06        3.748904e-10   3.687853e-02   0.03687853     0.03687789
   15.0     1e+09        1.235950e-20   2.346850e-04   0.00023469     0.00023468
   10.0     50           9.999958e-01   4.202351e-06   1.00000000     1.00000000
   10.0     300          9.989232e-01   1.076832e-03   1.00000000     1.00000000
   10.0     2e+03        1.541588e-01   3.846603e-02   0.19262484     0.19262461
   10.0     1e+04        7.006396e-04   3.985923e-02   0.04055987     0.04055956
   10.0     1e+06        8.025763e-11   1.476441e-02   0.01476441     0.01476432
   10.0     1e+09        2.595449e-21   8.700216e-05   0.00008700     0.00008700
   7.0      50           9.999958e-01   4.202071e-06   1.00000000     1.00000000
   7.0      300          9.989419e-01   1.058011e-03   0.99999989     0.99999989
   7.0      2e+03        2.960757e-02   1.241195e-02   0.04201952     0.04201951
   7.0      1e+04        1.238384e-04   1.223869e-02   0.01236253     0.01236251
   7.0      1e+06        1.385386e-11   4.236763e-03   0.00423676     0.00423676
   7.0      1e+09        4.443489e-22   2.339349e-05   0.00002339     0.00002339

   weights non-negative and matching 1-exp(-tau) to < 0.5% : True
       PASS

==============================================================================
D.  Photoionization vs Compton on neutral hydrogen
==============================================================================
   sigma_pi: Karzas & Latter (1961) H(1s), threshold value
             6.3e-22 m^2 at 13.6057 eV
   sigma_C : (1+x_e) sigma_KN per H nucleus, x_e = 1e-04

   sigma_pi = sigma_C  at  E = 2333 eV = 2.333 keV

   E [eV]       sigma_pi [m^2] sigma_C [m^2]  ratio pi/C
   13.7         6.18498e-22    6.65277e-29    9.297e+06
   20           2.21051e-22    6.65260e-29    3.323e+06
   50           1.58270e-23    6.65182e-29    2.379e+05
   100          1.93378e-24    6.65052e-29    2.908e+04
   300          5.98152e-26    6.64532e-29    900.1
   1000         1.14075e-27    6.62722e-29    17.21
   2000         1.11006e-28    6.60157e-29    1.682
   2333         6.59309e-29    6.59309e-29    1
   5000         4.90787e-30    6.52616e-29    0.0752
   1e+04        4.54044e-31    6.40534e-29    0.007089
   1e+05        1.55080e-34    4.92798e-29    3.147e-06

   Maximum Compton recoil T_max = E 2a/(1+2a) reaches B_H = 13.6057 eV
   only at E = 1871 eV = 1.87 keV.
   Below that energy every Compton event is sub-threshold: the model
   gives no ionization and returns the photon with E' ~ E, which is
   what bound-electron (Rayleigh / Raman) scattering does as well, so
   the impulse approximation cannot bias the ionization budget there.
   Above it, T >> B_H within a factor of a few and the impulse
   approximation is the standard one (e.g. Zdziarski & Svensson 1989).
   Photoionization still dominates the interaction rate up to
   2333 eV, so Compton never controls the yield below ~2 keV.

==============================================================================
E.  OMITTED CHANNEL I -- pair production on H nuclei (Bethe-Heitler)
==============================================================================
   Excluded from the calculation by explicit instruction.  Above the
   energy where it overtakes Compton the tabulated yield is a LOWER
   BOUND (the pair converts the photon into two electrons that then
   ionize, so the true yield is larger).

   sigma_pair(complete screening, Z=1) = 1.87e-30 m^2  (energy-independent)
   E [eV]         sigma_KN [m^2]   sig_pair(no scr) sig_pair(cs)    
   1e+06          2.1121e-29       0.0000e+00       1.8697e-30      
   3e+06          1.1509e-29       0.0000e+00       1.8697e-30      
   1e+07          5.0988e-30       3.8647e-31       1.8697e-30      
   3e+07          2.1998e-30       7.8259e-31       1.8697e-30      
   5e+07          1.4567e-30       9.6677e-31       1.8697e-30      
   1e+08          8.1985e-31       1.2167e-30       1.8697e-30      
   3e+08          3.2090e-31       1.6128e-30       1.8697e-30      
   1e+09          1.1175e-31       2.0469e-30       1.8697e-30      
   1e+10          1.4117e-32       2.8771e-30       1.8697e-30      

   crossing sigma_pair = sigma_KN
     no screening     : E_x = 7.089e+07 eV = 70.9 MeV
     complete screen. : E_x = 3.676e+07 eV = 36.8 MeV
   The two screening limits bracket the true (intermediate-screening)
   crossing:  E_x = 54 (+/- 17) MeV.  The tabulated yield is a
   LOWER BOUND above ~37 MeV (conservative edge).

==============================================================================
F.  OMITTED CHANNEL II -- pair production on the CMB (Breit-Wheeler)
==============================================================================
   Threshold against a CMB photon of energy ~kT(z):
     E_th ~ (m_e c^2)^2 / kT(z)
     z = 20.0   kT = 4.9322e-03 eV   E_th = 5.2942e+13 eV = 52.9 TeV
     z = 10.0   kT = 2.5835e-03 eV   E_th = 1.0107e+14 eV = 101 TeV
     z = 5.5    kT = 1.5266e-03 eV   E_th = 1.7104e+14 eV = 171 TeV

   Exact Wien-tail rate (numerical, full Planck spectrum):
   z        E [eV]         1/Gamma [m]      1/Gamma [Mpc]
   20.0     1e+12          1.7237e+38       5.5862e+15
   20.0     1e+13          9.7858e+17       3.1713e-05
   20.0     1e+14          2.3328e+16       7.5602e-07
   10.0     1e+12          inf              inf
   10.0     1e+13          6.7185e+20       2.1773e-02
   10.0     1e+14          1.9906e+17       6.4512e-06

   Onset criterion:  1/Gamma_gg(E, z_i)  <  proper light path
   z_i      light path [m]   E_gg [eV]        E_gg [TeV]
   20.0     8.1393e+24       2.4411e+12       2.441
   15.0     7.2862e+24       3.3301e+12       3.33
   10.0     5.3645e+24       5.2501e+12       5.25
   7.0      2.6288e+24       7.8723e+12       7.872

   So the E > 2.4e+12 eV end of the grid is ALSO a lower bound: there
   the photon pair-produces on the CMB well inside the window, and
   the resulting e+e- pair inverse-Compton-cools and ionizes.  The
   two omitted channels therefore bracket the trustworthy range as
     13.6 eV  <  E  <  3.68e+07 eV   (yield exact)
   and mark everything outside it as a lower bound.

==============================================================================
SUMMARY
==============================================================================
   A  Klein-Nishina differential -> total        : PASS
   B  Compton kinematics                         : PASS
   C  path-kernel weights                        : PASS
   D  sigma_pi = sigma_C at 2333 eV
   E  sigma_pair = sigma_KN at 3.676e+07 - 7.089e+07 eV  -> yield is a LOWER
      BOUND above ~37 MeV
   F  gamma-gamma on the CMB sets in at E ~ 2.44e+12 eV (z_i = 20)

   ==> the tabulated photon yield is EXACT for
       13.6 eV < E < 3.68e+07 eV  and a LOWER BOUND outside.
